npm warn Unknown env config "python". This will stop working in the next major version of npm.

> manojfr-me@1.0.0 build
> next build

  ▲ Next.js 14.2.33

   Creating an optimized production build ...
[baseline-browser-mapping] The data in this module is over two months old.  To ensure accurate Baseline data, please update: `npm i baseline-browser-mapping@latest -D`
[baseline-browser-mapping] The data in this module is over two months old.  To ensure accurate Baseline data, please update: `npm i baseline-browser-mapping@latest -D`
 ✓ Compiled successfully
   Linting and checking validity of types ...
   Collecting page data ...
   Generating static pages (0/14) ...
   Generating static pages (3/14) 
   Generating static pages (6/14) 
   Generating static pages (10/14) 
 ✓ Generating static pages (14/14)
   Finalizing page optimization ...
   Collecting build traces ...

Route (app)                              Size     First Load JS
┌ ○ /                                    25.4 kB         155 kB
├ ○ /_not-found                          873 B          88.2 kB
├ ● /[slug]                              174 B          96.2 kB
├   ├ /chaos
├   ├ /mind
├   ├ /projects
├   └ [+5 more paths]
├ ○ /blackhole                           5.25 kB         330 kB
├ ○ /icon.svg                            0 B                0 B
└ ○ /universe                            14.3 kB         373 kB
+ First Load JS shared by all            87.3 kB
  ├ chunks/117-ed8b5bcbe1983460.js       31.7 kB
  ├ chunks/fd9d1056-8ef33f5ef9456d1f.js  53.6 kB
  └ other shared chunks (total)          1.95 kB


○  (Static)  prerendered as static content
●  (SSG)     prerendered as static HTML (uses getStaticProps)

